New Terminal Output:

root@3b671462-2484-427e-83d8-8ffb78249db4:/home/user/network_ops# cat > current/router.conf << EOF
>
> hostname router-broken
>
> !
>
> interface GigabitEthernet0/1
>
>  ip address 10.0.0.2/24
>
>  shutdown
>
> !
>
> router ospf 1
>
>  router-id 1.1.1.1
>
>  network 10.0.0.0 0.0.0.255 area 0
>
> !
>
> EOF
root@3b671462-2484-427e-83d8-8ffb78249db4:/home/user/network_ops# cat > baseline/router.conf << EOF
> hostname router-good
> !
> interface GigabitEthernet0/1
>  ip address 10.0.0.1/24
>  no shutdown
> !
> router ospf 1
>  router-id 1.1.1.1
>  network 10.0.0.0 0.0.0.255 area 0
>  network 192.168.1.0 0.0.0.255 area 0
> !
> EOF
root@3b671462-2484-427e-83d8-8ffb78249db4:/home/user/network_ops# file current/router.conf
bash: file: command not found
root@3b671462-2484-427e-83d8-8ffb78249db4:/home/user/network_ops# file baseline/router.conf
bash: file: command not found
root@3b671462-2484-427e-83d8-8ffb78249db4:/home/user/network_ops# head -5 current/router.conf

hostname router-broken

!

root@3b671462-2484-427e-83d8-8ffb78249db4:/home/user/network_ops# head -5 baseline/router.conf
hostname router-good
!
interface GigabitEthernet0/1
 ip address 10.0.0.1/24
 no shutdown
root@3b671462-2484-427e-83d8-8ffb78249db4:/home/user/network_ops#
